--------------------------------------------------------------------------------------
Timing Analyzer Summary
--------------------------------------------------------------------------------------

Type           : Worst-case tsu
Slack          : N/A
Required Time  : None
Actual Time    : 9.974 ns
From           : input[0]
To             : reg_group:inst9|R3[0]
From Clock     : --
To Clock       : clk
Failed Paths   : 0

Type           : Worst-case tco
Slack          : N/A
Required Time  : None
Actual Time    : 21.998 ns
From           : ir:inst1|x[0]
To             : qg
From Clock     : clk
To Clock       : --
Failed Paths   : 0

Type           : Worst-case tpd
Slack          : N/A
Required Time  : None
Actual Time    : 20.229 ns
From           : input[4]
To             : qg
From Clock     : --
To Clock       : --
Failed Paths   : 0

Type           : Worst-case th
Slack          : N/A
Required Time  : None
Actual Time    : -5.831 ns
From           : input[7]
To             : ir:inst1|x[7]
From Clock     : --
To Clock       : clk
Failed Paths   : 0

Type           : Clock Setup: 'clk'
Slack          : 1.649 ns
Required Time  : 40.00 MHz ( period = 25.000 ns )
Actual Time    : 46.08 MHz ( period = 21.702 ns )
From           : ir:inst1|x[1]
To             : lpm_ram_io:inst|altram:sram|altsyncram:ram_block|altsyncram_hi91:auto_generated|ram_block1a0~porta_datain_reg7
From Clock     : clk
To Clock       : clk
Failed Paths   : 0

Type           : Clock Hold: 'clk'
Slack          : 0.499 ns
Required Time  : 40.00 MHz ( period = 25.000 ns )
Actual Time    : N/A
From           : counter4:inst2|74161:inst|f74161:sub|87
To             : counter4:inst2|74161:inst|f74161:sub|87
From Clock     : clk
To Clock       : clk
Failed Paths   : 0

Type           : Total number of failed paths
Slack          : 
Required Time  : 
Actual Time    : 
From           : 
To             : 
From Clock     : 
To Clock       : 
Failed Paths   : 0

--------------------------------------------------------------------------------------

